UPI00004BBFB1	1c7952c9f73cb581ceeea319f588d8f	199	ProDom	PD400414	PRECURSOR SIGNAL UNQ689/PRO1329 HOMOLOG DIRECT SEQUENCING EO-017 SECRETED	1	198	-	T	23-06-2011
UPI00004BBFB2	6fd1c92dc7827d2af6bd74a23df53b0f	212	ProDom	PD400414	PRECURSOR SIGNAL UNQ689/PRO1329 HOMOLOG DIRECT SEQUENCING EO-017 SECRETED	1	212	-	T	23-06-2011
UPI00004BBFB6	fa60ddc53afe61a6f43b815637b93292	103	ProDom	PD021296	J IMMUNOGLOBULIN CHAIN GLYCOPROTEIN SEQUENCING DIRECT IGJ_PREDICTED ACID PYRROLIDONE CARBOXYLIC	1	96	-	T	23-06-2011
