UPI00004BBFB1      1    198 //  pd_PD400414;sp_U689_HUMAN_Q6UX39;       1    206 // S=426    E=1e-41  //  (3)  PRECURSOR SIGNAL UNQ689/PRO1329 HOMOLOG DIRECT SEQUENCING EO-017 SECRETED 	 Length = 206
//
UPI00004BBFB2      1    212 //  pd_PD400414;sp_U689_HUMAN_Q6UX39;       1    206 // S=501    E=2e-50  //  (3)  PRECURSOR SIGNAL UNQ689/PRO1329 HOMOLOG DIRECT SEQUENCING EO-017 SECRETED 	 Length = 206
//
UPI00004BBFB6      1     96 //  pd_PD021296;sp_Q5RC17_PONPY_Q5RC17;      24    159 // S=401    E=3e-39  //  (6)  J IMMUNOGLOBULIN CHAIN GLYCOPROTEIN SEQUENCING DIRECT IGJ_PREDICTED ACID PYRROLIDONE CARBOXYLIC 	 Length = 136
//
