3	Q97R95-SF000729	100.00	369	0	0	1	369	1	369	0.0	709.1
3	Q8DQ61-SF000729	99.46	369	2	0	1	369	1	369	0.0	705.7
3	Q04KZ3	99.46	369	2	0	1	369	1	369	0.0	705.7
3	A1KTV5	74.25	369	95	0	1	369	1	369	9e-152	539.3
3	Q9JZG2-SF000729	74.25	369	95	0	1	369	1	369	3e-151	537.7
3	Q9JUK7-SF000729	73.71	369	97	0	1	369	1	369	8e-151	536.2
3	A1IRR2	73.71	369	97	0	1	369	1	369	8e-151	536.2
3	Q2ZZM5-SF000729	58.38	358	149	0	1	358	1	358	5e-116	420.6
3	Q735X2-SF000729	43.21	368	198	3	1	358	1	367	7.7e-79	297.0
3	Q6HHC1-SF000729	42.93	368	199	3	1	358	1	367	6.5e-78	293.9
3	Q639W8-SF000729	42.66	368	200	3	1	358	1	367	8.5e-78	293.5
3	Q4ML41-SF000729	42.93	368	199	3	1	358	10	376	8.5e-78	293.5
3	A0RFG7	42.66	368	200	3	1	358	48	414	1.9e-77	292.4
3	Q81P26-SF000729	42.78	367	199	3	1	357	1	366	2.5e-77	292.0
3	Q2AN23-SF000729	42.78	367	199	3	1	357	1	366	3.2e-77	291.6
3	Q81C10-SF000729	42.93	368	199	3	1	358	1	367	5.5e-77	290.8
3	Q5KYA3-SF000729	42.86	371	201	4	1	361	1	370	2.7e-76	288.5
3	Q695L5-SF000729	41.85	368	205	4	1	361	1	366	1.4e-75	286.2
3	Q6E235-SF000729	41.85	368	205	4	1	361	1	366	2.3e-75	285.4
3	Q3CFH5-SF000729	44.14	333	185	1	5	337	2	333	3.9e-75	284.6
3	Q0ERP5-SF000729	44.14	333	185	1	5	337	2	333	3.9e-75	284.6
3	Q8CUQ5-SF000729	41.53	366	204	3	1	358	1	364	2.0e-74	282.3
3	Q2CYG8-SF000729	43.10	355	200	2	2	356	3	355	2.6e-74	282.0
3	Q8RAE6-SF000729	44.74	333	183	1	5	337	2	333	3.3e-74	281.6
3	Q65KU8-SF000729	41.92	365	203	4	1	358	1	363	3.3e-74	281.6
3	P39820-SF000729	40.98	366	205	4	1	358	1	363	4.4e-74	281.2
3	A0PXA5	46.84	316	168	0	4	319	13	328	5.7e-74	280.8
3	Q2RKZ7-SF000729	43.84	333	186	1	4	336	14	345	3.7e-73	278.1
3	O07509-SF000729	42.26	336	192	2	4	338	8	342	1.4e-72	276.2
3	Q9KCR4-SF000729	42.90	359	198	5	1	354	1	357	4.1e-72	274.6
3	A1HNY5	43.02	351	196	3	4	352	11	359	4.1e-72	274.6
3	Q65IS8-SF000729	44.48	335	183	2	4	336	6	339	5.3e-72	274.2
3	Q24XR7-SF000729	45.07	335	180	4	4	337	5	336	7.0e-72	273.9
3	Q18YN2-SF000729	45.07	335	180	4	4	337	5	336	7.0e-72	273.9
3	Q1X174-SF000729	41.64	341	198	1	3	343	13	352	3.5e-71	271.6
3	Q5WH53-SF000729	40.16	366	207	3	6	361	6	369	1.0e-70	270.0
3	Q3AF41-SF000729	43.34	353	194	5	4	353	9	358	3.8e-70	268.1
3	Q2AG71-SF000729	44.87	341	181	2	2	336	8	347	2.5e-69	265.4
3	Q2Y7Y3-SF000729	43.49	338	190	1	4	341	9	345	9.4e-69	263.5
3	Q0AWJ5-SF000729	41.81	354	203	2	2	353	9	361	2.1e-68	262.3
3	Q1JWH3-SF000729	42.57	343	195	2	4	346	18	358	3.6e-68	261.5
3	Q0YFS9	43.31	314	178	0	2	315	8	321	1.4e-67	259.6
3	Q3E364-SF000729	41.26	366	203	4	5	359	20	384	2.3e-67	258.8
3	Q47AC9-SF000729	42.21	353	200	3	4	354	10	360	3.0e-67	258.5
3	A1KAD1	44.38	338	186	2	4	341	9	344	3.9e-67	258.1
3	Q0LHG2-SF000729	40.00	365	208	2	3	357	6	369	3.9e-67	258.1
3	A0H3S1	42.98	363	195	4	5	356	3	364	3.9e-67	258.1
3	Q63QM1-SF000729	43.02	344	193	2	4	347	9	349	6.7e-67	257.3
3	Q3JNG1-SF000729	43.02	344	193	2	4	347	9	349	6.7e-67	257.3
3	Q62GV5-SF000729	43.02	344	193	2	4	347	9	349	6.7e-67	257.3
3	A2S5R7	43.02	344	193	2	4	347	9	349	6.7e-67	257.3
3	A1V0P0	43.02	344	193	2	4	347	9	349	6.7e-67	257.3
3	Q9RTD8-SF000729	43.67	332	185	2	5	336	2	331	8.8e-67	256.9
3	A0W9V9	42.51	334	191	1	4	337	10	342	1.1e-66	256.5
3	A0G5U2	41.57	344	198	2	4	347	9	349	1.5e-66	256.1
3	Q12FA0-SF000729	44.41	331	183	1	4	334	14	343	2.0e-66	255.8
3	A1VK89	44.41	331	183	1	4	334	14	343	2.6e-66	255.4
3	Q4BHP9-SF000729	41.86	344	197	2	4	347	9	349	2.6e-66	255.4
3	A0HFQ7	43.06	346	192	3	5	346	11	355	2.6e-66	255.4
3	Q39QR3-SF000729	40.51	353	207	2	2	352	8	359	3.3e-66	255.0
3	Q39JU6-SF000729	41.57	344	198	2	4	347	9	349	4.4e-66	254.6
3	Q3SJS7-SF000729	43.50	331	186	1	4	334	10	339	5.7e-66	254.2
3	Q747Q3-SF000729	41.93	353	202	2	2	352	8	359	5.7e-66	254.2
3	Q1IZP2-SF000729	40.93	364	203	4	5	358	2	363	5.7e-66	254.2
3	Q1BZD9-SF000729	41.86	344	197	2	4	347	9	349	5.7e-66	254.2
3	A0UAT2	41.86	344	197	2	4	347	9	349	5.7e-66	254.2
3	A0K4B1-SF000729	41.86	344	197	2	4	347	9	349	5.7e-66	254.2
3	Q1YPZ4-SF000729	38.81	353	213	2	4	354	10	361	7.4e-66	253.8
3	Q1UBK8-SF000729	38.84	363	209	3	4	354	38	399	7.4e-66	253.8
3	Q1MZU5-SF000729	39.09	353	211	3	4	354	10	360	1.3e-65	253.1
3	Q2SZF9-SF000729	41.86	344	197	2	4	347	9	349	1.7e-65	252.7
3	A1WPR4-SF000729	43.86	342	187	2	4	341	10	350	1.7e-65	252.7
3	Q0BIH7-SF000729	41.57	344	198	2	4	347	9	349	1.7e-65	252.7
3	Q2DGW3-SF000729	40.48	336	199	1	2	337	25	359	1.7e-65	252.7
3	A0TNX2	41.57	344	198	2	4	347	9	349	1.7e-65	252.7
3	A0WR62	39.24	367	212	2	2	358	9	374	1.7e-65	252.7
3	Q13U16-SF000729	41.86	344	197	2	4	347	9	349	2.2e-65	252.3
3	A1HA65	41.81	342	196	2	4	345	11	349	2.2e-65	252.3
3	A1TTD2-SF000729	43.58	335	184	2	4	334	10	343	2.2e-65	252.3
3	A1W4B1-SF000729	43.23	347	192	2	4	346	10	355	2.2e-65	252.3
3	Q47MV7-SF000729	41.30	339	192	5	4	340	16	349	2.8e-65	251.9
3	Q3A1D9-SF000729	40.74	351	204	3	4	352	10	358	2.8e-65	251.9
3	A0UT00	41.86	344	197	2	4	347	9	349	2.8e-65	251.9
3	Q6F9D9-SF000729	42.12	349	196	5	4	349	15	360	4.8e-65	251.1
3	A2SD37	41.93	353	202	2	4	354	9	360	4.8e-65	251.1
3	A0GV56	41.86	344	197	2	4	347	9	349	4.8e-65	251.1
3	Q1LIQ1-SF000729	43.50	331	186	1	4	334	9	338	8.2e-65	250.4
3	Q820M4-SF000729	40.40	354	208	2	4	355	10	362	8.2e-65	250.4
3	Q2L067-SF000729	41.54	337	196	1	5	341	14	349	1.1e-64	250.0
3	A1SYU0-SF000729	40.77	363	204	3	4	356	15	376	1.1e-64	250.0
3	A0ZZZ1	42.86	343	188	6	6	346	19	355	1.1e-64	250.0
3	A1AT80-SF000729	39.66	353	210	2	2	352	8	359	1.1e-64	250.0
3	Q0K6P7-SF000729	42.90	331	188	1	4	334	9	338	1.4e-64	249.6
3	A0X6N4	41.57	332	193	1	3	334	8	338	1.8e-64	249.2
3	P43763-SF000729	40.16	371	207	5	1	359	1	368	2.4e-64	248.8
3	Q1GZ54-SF000729	41.19	352	204	2	4	353	9	359	3.1e-64	248.4
3	Q65RE1-SF000729	40.66	364	202	4	4	356	9	369	3.1e-64	248.4
3	Q7W1P3-SF000729	41.23	342	200	1	5	346	16	356	4.1e-64	248.1
3	A0IXU9	39.64	338	203	1	3	340	50	386	4.1e-64	248.1
3	Q4QM08-SF000729	40.16	371	207	5	1	359	1	368	5.3e-64	247.7
3	Q7VZX7-SF000729	41.23	342	200	1	5	346	16	356	5.3e-64	247.7
3	Q7WQL9-SF000729	41.23	342	200	1	5	346	16	356	5.3e-64	247.7
3	Q4FRK7-SF000729	37.47	363	214	3	4	354	24	385	7.0e-64	247.3
3	Q648U0-SF000729	42.63	319	182	1	2	320	9	326	7.0e-64	247.3
3	Q1QA44-SF000729	37.47	363	214	3	4	354	24	385	1.2e-63	246.5
3	Q64DV2-SF000729	42.63	319	182	1	2	320	9	326	1.2e-63	246.5
3	Q64AE3-SF000729	42.63	319	182	1	2	320	9	326	1.2e-63	246.5
3	Q64AW7-SF000729	42.63	319	182	1	2	320	9	326	1.2e-63	246.5
3	Q21YZ8-SF000729	42.12	330	190	1	4	333	14	342	1.6e-63	246.1
3	Q46X18-SF000729	42.30	331	190	1	4	334	9	338	1.6e-63	246.1
3	A0LCZ2-SF000729	38.08	365	212	6	4	358	15	375	1.6e-63	246.1
3	Q8XVL1-SF000729	41.23	342	198	2	4	345	11	349	2.0e-63	245.7
3	Q9CJU5-SF000729	40.77	363	203	3	4	356	5	365	2.0e-63	245.7
3	Q5P7Z3-SF000729	41.64	353	202	3	4	354	9	359	2.0e-63	245.7
3	Q1NQ08-SF000729	40.34	352	206	3	4	353	30	379	2.0e-63	245.7
3	Q1ZPM7-SF000729	39.12	363	210	3	6	358	23	384	2.6e-63	245.4
3	A0YVP6	40.46	351	203	4	6	351	5	354	2.6e-63	245.4
3	P73071-SF000729	41.69	355	202	4	1	351	5	358	4.5e-63	244.6
3	Q2JSQ2-SF000729	42.47	332	189	2	6	336	8	338	4.5e-63	244.6
3	Q33SV7-SF000729	40.30	335	199	1	3	337	10	343	4.5e-63	244.6
3	A1KYH0	38.84	363	209	4	6	356	7	368	4.5e-63	244.6
3	A0V4P4	41.26	349	197	2	5	346	11	358	4.5e-63	244.6
3	Q3ZYI5-SF000729	40.06	352	205	3	3	349	6	356	1.0e-62	243.4
3	Q2DVN5-SF000729	40.06	352	205	3	3	349	6	356	1.0e-62	243.4
3	Q12Q10-SF000729	39.94	328	195	2	1	327	1	327	1.0e-62	243.4
3	Q2C660-SF000729	38.84	363	211	3	6	358	23	384	1.3e-62	243.0
3	Q1ZFR6-SF000729	40.80	348	199	2	1	348	3	343	1.7e-62	242.7
3	Q0G0Y0-SF000729	40.66	364	201	5	2	354	7	366	1.7e-62	242.7
3	Q0I1V2-SF000729	40.50	363	204	4	4	356	8	368	2.9e-62	241.9
3	Q114A6-SF000729	39.32	351	207	4	6	351	4	353	3.8e-62	241.5
3	Q9KPT8-SF000729	39.05	315	192	0	6	320	14	328	5.0e-62	241.1
3	A2PW12	39.05	315	192	0	6	320	33	347	5.0e-62	241.1
3	A2PA77	39.05	315	192	0	6	320	33	347	5.0e-62	241.1
3	A1ERN2	39.05	315	192	0	6	320	14	328	5.0e-62	241.1
3	A1F273	39.05	315	192	0	6	320	33	347	5.0e-62	241.1
3	Q1FB62-SF000729	40.61	362	203	4	5	356	6	365	5.0e-62	241.1
3	Q82C83-SF000729	40.43	371	200	8	4	360	12	375	6.5e-62	240.7
3	Q8G4T9-SF000729	42.57	343	189	5	6	346	19	355	8.5e-62	240.4
3	Q5E6W1-SF000729	37.47	363	216	3	6	358	8	369	1.1e-61	240.0
3	Q11CP7-SF000729	37.80	373	219	4	3	365	9	378	1.5e-61	239.6
3	A0NRI5	39.35	371	211	5	3	363	8	374	1.5e-61	239.6
3	Q0L8I7-SF000729	40.58	345	197	6	4	346	19	357	1.5e-61	239.6
3	Q2LR78-SF000729	38.35	352	213	3	4	353	13	362	1.9e-61	239.2
3	Q2K2X5-SF000729	39.45	365	208	4	2	356	9	370	1.9e-61	239.2
3	Q4C2Q6-SF000729	39.82	334	198	3	6	337	7	339	1.9e-61	239.2
3	A1URN5	40.34	352	205	4	2	351	10	358	1.9e-61	239.2
3	A1IB34	40.06	332	197	2	5	336	15	344	1.9e-61	239.2
3	Q7MN59-SF000729	39.87	316	190	0	4	319	14	329	2.5e-61	238.8
3	Q8DF93-SF000729	39.87	316	190	0	4	319	14	329	2.5e-61	238.8
3	Q9RDJ9-SF000729	40.05	372	199	8	4	360	12	374	2.5e-61	238.8
3	Q6G4Z1-SF000729	38.90	365	208	5	3	356	11	371	2.5e-61	238.8
3	Q2BLR3-SF000729	39.51	329	197	2	4	332	12	338	2.5e-61	238.8
3	A0IFK2	40.33	362	204	4	5	356	32	391	2.5e-61	238.8
3	Q0KVF7-SF000729	39.52	334	201	1	3	336	8	340	3.2e-61	238.4
3	Q1Q407-SF000729	35.34	365	226	1	4	358	16	380	3.2e-61	238.4
3	Q3QBN5-SF000729	39.52	334	201	1	3	336	8	340	3.2e-61	238.4
3	Q8DH42-SF000729	39.24	344	204	4	6	346	5	346	4.2e-61	238.0
3	Q8EHU2-SF000729	39.52	334	201	1	3	336	8	340	4.2e-61	238.0
3	A0KTS0-SF000729	39.52	334	201	1	3	336	8	340	4.2e-61	238.0
3	A1SMB3-SF000729	40.83	338	194	4	4	340	11	343	5.5e-61	237.7
3	Q3EI12-SF000729	39.29	364	207	4	4	356	6	366	5.5e-61	237.7
3	Q3M6H4-SF000729	40.88	340	195	4	4	339	3	340	7.2e-61	237.3
3	A1S8L2-SF000729	39.82	334	200	1	3	336	8	340	7.2e-61	237.3
3	Q4J3E2-SF000729	38.70	354	212	4	4	354	10	361	7.2e-61	237.3
3	Q08T48-SF000729	40.46	351	205	3	4	352	13	361	7.2e-61	237.3
3	Q31L42-SF000729	39.02	346	209	2	6	350	5	349	9.4e-61	236.9
3	Q5N0T0-SF000729	39.02	346	209	2	6	350	8	352	9.4e-61	236.9
3	Q0HLN5-SF000729	39.52	334	201	1	3	336	8	340	9.4e-61	236.9
3	A0ZK72	41.25	337	194	3	4	337	3	338	9.4e-61	236.9
3	Q0HY16-SF000729	39.52	334	201	1	3	336	8	340	9.4e-61	236.9
3	Q2JNZ0-SF000729	41.40	343	197	4	6	346	8	348	1.2e-60	236.5
3	Q2NVF0-SF000729	39.89	361	205	4	6	356	7	365	1.2e-60	236.5
3	Q2ZWD7-SF000729	39.52	334	201	1	3	336	8	340	1.2e-60	236.5
3	A1RGM6	39.52	334	201	1	3	336	8	340	1.2e-60	236.5
3	A0JXJ7-SF000729	40.71	339	192	5	4	340	31	362	1.2e-60	236.5
3	Q1MA75-SF000729	38.90	365	210	4	2	356	9	370	1.6e-60	236.1
3	Q1DCK9-SF000729	39.89	351	207	3	4	352	15	363	2.1e-60	235.7
3	Q15MX0-SF000729	38.61	360	213	4	1	358	4	357	2.1e-60	235.7
3	Q086J6-SF000729	39.88	336	201	1	1	336	1	335	2.1e-60	235.7
3	Q3Z705-SF000729	39.82	334	197	2	3	333	6	338	2.7e-60	235.3
3	Q4K5T9-SF000729	39.32	351	208	4	4	351	5	353	3.6e-60	235.0
3	Q8YSI2-SF000729	41.12	338	193	4	4	337	12	347	3.6e-60	235.0
3	Q0AHG4-SF000729	39.14	350	210	2	4	351	10	358	3.6e-60	235.0
3	Q7NQC8-SF000729	39.01	364	211	3	5	358	10	372	4.7e-60	234.6
3	Q6A9H7-SF000729	42.02	326	183	4	6	331	14	333	6.1e-60	234.2
3	Q0VSE5-SF000729	37.96	353	215	3	4	354	5	355	6.1e-60	234.2
3	Q92LB3-SF000729	38.59	368	213	4	3	360	11	375	6.1e-60	234.2
3	Q31IT3-SF000729	38.18	330	203	1	2	331	10	338	8.0e-60	233.8
3	Q88Q07-SF000729	37.33	367	215	5	4	358	9	372	1.0e-59	233.4
3	Q7N7B2-SF000729	38.78	361	209	3	6	356	8	366	1.0e-59	233.4
3	Q2CEH4-SF000729	40.76	368	197	8	4	357	8	368	1.0e-59	233.4
3	Q1Z7J9-SF000729	37.74	363	215	3	6	358	44	405	1.0e-59	233.4
3	A1G322	41.30	339	191	6	4	340	5	337	1.0e-59	233.4
3	Q2XAC3-SF000729	37.33	367	215	5	4	358	9	372	1.0e-59	233.4
3	A1WY47-SF000729	39.46	332	197	3	4	333	11	340	1.0e-59	233.4
3	Q0AAD5-SF000729	36.36	352	221	2	5	354	14	364	1.0e-59	233.4
3	Q0MI06-SF000729	37.94	369	216	4	2	360	10	375	1.4e-59	233.0
3	Q6LTX3-SF000729	37.47	363	216	3	6	358	17	378	1.8e-59	232.6
3	Q98EZ4-SF000729	38.63	365	211	4	2	356	6	367	1.8e-59	232.6
3	Q5SH03-SF000729	39.32	351	206	5	4	352	8	353	2.3e-59	232.3
3	Q60050-SF000729	39.32	351	206	5	4	352	8	353	2.3e-59	232.3
3	Q3Z595-SF000729	37.85	362	213	3	6	357	7	366	2.3e-59	232.3
3	Q32J26-SF000729	37.85	362	213	3	6	357	7	366	2.3e-59	232.3
3	Q325P4-SF000729	37.85	362	213	3	6	357	7	366	2.3e-59	232.3
3	Q3K6L0-SF000729	37.98	366	214	4	4	358	9	372	2.3e-59	232.3
3	Q2VZU1-SF000729	39.24	367	202	7	4	356	8	367	2.3e-59	232.3
3	Q1RFS8-SF000729	37.85	362	213	3	6	357	7	366	2.3e-59	232.3
3	P0A7B5-SF000729	37.85	362	213	3	6	357	7	366	2.3e-59	232.3
3	P0A7B6-SF000729	37.85	362	213	3	6	357	7	366	2.3e-59	232.3
3	Q0TL74-SF000729	37.85	362	213	3	6	357	7	366	2.3e-59	232.3
3	P0A7B7-SF000729	37.85	362	213	3	6	357	7	366	2.3e-59	232.3
3	Q6G0S7-SF000729	38.08	365	211	5	3	356	16	376	2.3e-59	232.3
3	A1A7V3	37.85	362	213	3	6	357	7	366	2.3e-59	232.3
3	Q0T7R5-SF000729	37.85	362	213	3	6	357	7	366	2.3e-59	232.3
3	A1FK00	37.06	367	216	5	4	358	9	372	2.3e-59	232.3
3	A0YF89	37.11	353	219	2	4	354	11	362	3.0e-59	231.9
3	Q9HVL9-SF000729	37.98	337	208	1	4	340	9	344	4.0e-59	231.5
3	Q9ZG98-SF000729	36.76	370	221	4	3	363	12	377	4.0e-59	231.5
3	Q02GB2	37.98	337	208	1	4	340	9	344	4.0e-59	231.5
3	Q7NPI6-SF000729	40.23	343	199	5	6	345	4	343	5.2e-59	231.1
3	Q1R0B9-SF000729	38.48	330	201	2	4	333	16	343	5.2e-59	231.1
3	Q8UBS0-SF000729	39.56	364	207	4	3	356	11	371	5.2e-59	231.1
3	A0HSM7	40.18	331	195	3	4	333	9	337	5.2e-59	231.1
3	P65792-SF000729	37.29	362	215	3	6	357	7	366	6.7e-59	230.7
3	P65793-SF000729	37.29	362	215	3	6	357	7	366	6.7e-59	230.7
3	Q5PF68-SF000729	37.29	362	215	3	6	357	7	366	6.7e-59	230.7
3	Q57ST3-SF000729	37.29	362	215	3	6	357	7	366	6.7e-59	230.7
3	Q1IF12-SF000729	36.51	367	218	5	4	358	9	372	6.7e-59	230.7
3	Q7UDL2-SF000729	37.57	362	214	3	6	357	7	366	8.8e-59	230.3
3	Q48NL1-SF000729	37.98	366	214	5	4	358	5	368	8.8e-59	230.3
3	A0KNQ9	37.70	366	217	3	1	356	1	365	8.8e-59	230.3
3	Q1YLH9-SF000729	38.46	377	214	6	3	364	8	381	8.8e-59	230.3
3	Q97E63-SF000729	45.88	255	138	0	5	259	13	267	1.2e-58	229.9
3	Q1GHC9-SF000729	39.50	362	204	7	4	354	8	365	1.5e-58	229.6
3	P17856-SF000729	37.95	361	212	4	6	356	7	365	1.5e-58	229.6
3	Q4ZYK0-SF000729	37.70	366	215	5	4	358	9	372	1.5e-58	229.6
3	Q605N1-SF000729	36.83	353	220	2	4	354	11	362	1.5e-58	229.6
3	A0XYT8	37.67	361	213	3	6	356	7	365	1.5e-58	229.6
3	Q40US4-SF000729	41.23	342	188	6	5	340	18	352	1.5e-58	229.6
3	P65791-SF000729	37.91	364	213	4	3	356	8	368	3.3e-58	228.4
3	P65790-SF000729	37.91	364	213	4	3	356	8	368	3.3e-58	228.4
3	Q57B46-SF000729	37.91	364	213	4	3	356	8	368	3.3e-58	228.4
3	Q2YLM3-SF000729	37.91	364	213	4	3	356	8	368	3.3e-58	228.4
3	A0IQW7	37.67	361	213	4	6	356	7	365	3.3e-58	228.4
3	Q2S355-SF000729	40.41	339	195	4	3	337	9	344	4.4e-58	228.0
3	Q896G3-SF000729	47.43	253	133	0	4	256	13	265	4.4e-58	228.0
3	Q3J6R9-SF000729	36.26	353	222	2	4	354	12	363	5.7e-58	227.6
3	A1JNX7	37.67	361	213	4	6	356	7	365	5.7e-58	227.6
3	Q889F0-SF000729	36.71	365	220	2	4	358	9	372	7.5e-58	227.3
3	P0C1E3-SF000729	40.64	342	195	6	4	343	9	344	7.5e-58	227.3
3	P0C1E2-SF000729	40.64	342	195	6	4	343	9	344	7.5e-58	227.3
3	Q13DM7-SF000729	36.99	365	216	5	3	356	9	370	9.7e-58	226.9
3	Q87RV0-SF000729	35.52	366	219	4	6	358	16	377	1.3e-57	226.5
3	Q66DY9-SF000729	37.12	361	215	4	6	356	7	365	1.7e-57	226.1
3	Q1CLC7-SF000729	37.12	361	215	4	6	356	7	365	1.7e-57	226.1
3	Q8ZC08-SF000729	37.12	361	215	4	6	356	7	365	1.7e-57	226.1
3	Q5GZF1-SF000729	39.94	363	202	6	7	356	1	360	1.7e-57	226.1
3	Q5LRY5-SF000729	38.67	362	207	6	4	354	8	365	1.7e-57	226.1
3	Q3IHK8-SF000729	39.51	329	197	2	6	334	7	333	1.7e-57	226.1
3	Q1VAJ0-SF000729	34.89	364	224	3	6	358	16	377	1.7e-57	226.1
3	Q0WC64-SF000729	37.12	361	215	4	6	356	7	365	1.7e-57	226.1
3	Q28Q11-SF000729	39.84	364	204	6	4	356	8	367	2.2e-57	225.7
3	Q0F1E1-SF000729	36.93	352	218	2	4	353	12	361	2.2e-57	225.7
3	A1H216	39.46	370	211	6	4	363	14	380	2.2e-57	225.7
3	Q2P2G0-SF000729	39.67	363	203	5	7	356	1	360	2.8e-57	225.3
3	Q5NR24-SF000729	39.32	351	205	7	5	351	36	382	3.7e-57	224.9
3	A0VT87	38.95	362	206	6	6	356	10	367	3.7e-57	224.9
3	A1R786	39.94	338	196	4	4	340	25	356	4.8e-57	224.6
3	A0Z182	37.33	367	214	5	4	358	13	375	4.8e-57	224.6
3	Q5QY57-SF000729	37.13	334	207	1	3	336	6	336	6.3e-57	224.2
3	Q1C4E6-SF000729	36.84	361	216	4	6	356	7	365	8.3e-57	223.8
3	Q6NDE5-SF000729	37.53	365	214	5	3	356	9	370	8.3e-57	223.8
3	Q12TG0-SF000729	40.77	336	193	4	4	337	12	343	8.3e-57	223.8
3	Q26JG4-SF000729	38.84	363	208	6	3	354	21	380	8.3e-57	223.8
3	Q8P8K2-SF000729	38.57	363	207	6	7	356	1	360	1.1e-56	223.4
3	Q4UVI1-SF000729	38.57	363	207	6	7	356	1	360	1.1e-56	223.4
3	Q2IMF3-SF000729	41.32	317	181	3	2	315	8	322	1.1e-56	223.4
3	Q6D1I3-SF000729	37.40	361	214	4	6	356	7	365	1.4e-56	223.0
3	A0LSX2-SF000729	38.98	354	190	8	6	340	14	360	1.4e-56	223.0
3	A0LPG1	37.11	353	216	4	4	352	15	365	1.4e-56	223.0
3	Q9ABB6-SF000729	39.67	363	204	7	4	354	13	372	1.8e-56	222.6
3	Q21M06-SF000729	36.44	365	220	4	4	358	11	373	2.4e-56	222.2
3	Q6AK08-SF000729	38.11	370	214	7	2	359	10	376	3.1e-56	221.9
3	Q6NFV9-SF000729	39.36	343	202	4	4	346	18	354	3.1e-56	221.9
3	A0XE27	38.87	319	194	1	6	324	7	324	3.1e-56	221.9
3	Q35L43-SF000729	37.81	365	213	5	3	356	9	370	5.3e-56	221.1
3	Q2J3J7-SF000729	36.89	366	215	6	3	356	9	370	9.1e-56	220.3
3	A1HY97	39.94	333	194	4	4	333	9	338	9.1e-56	220.3
3	Q2S9T4-SF000729	36.00	350	221	2	4	351	23	371	1.6e-55	219.5
3	Q89X86-SF000729	36.07	366	220	5	2	356	8	370	1.6e-55	219.5
3	Q2RV05-SF000729	36.57	361	215	5	7	356	1	358	2.0e-55	219.2
3	Q4JWT5-SF000729	37.09	337	206	4	4	340	15	345	2.0e-55	219.2
3	Q8FN82-SF000729	38.94	339	199	5	4	340	9	341	2.7e-55	218.8
3	A2PG02	38.83	291	178	0	6	296	14	304	2.7e-55	218.8
3	Q0M5Z2-SF000729	39.29	364	205	8	4	354	12	372	2.7e-55	218.8
3	Q07U76-SF000729	37.54	349	213	5	3	350	9	353	3.5e-55	218.4
3	A1FUJ0	41.40	314	180	3	3	315	20	330	3.5e-55	218.4
3	Q0I9F4-SF000729	35.99	364	225	3	7	363	5	367	4.5e-55	218.0
3	Q011Y4	43.01	286	157	4	6	288	10	292	4.5e-55	218.0
3	Q3BSJ0-SF000729	38.29	363	208	6	7	356	1	360	5.9e-55	217.6
4	Q2S6F1	46.64	461	241	2	6	462	55	514	4e-117	424.5
4	Q3SIV0-SF000210	44.52	456	250	1	6	458	10	465	7e-109	397.1
4	Q01YS3-SF000210	46.07	458	241	2	5	462	4	455	2e-106	389.0
4	Q4IBF8-SF000210	43.79	475	248	5	6	462	5	478	6e-106	387.5
4	A1HG79	43.48	460	253	3	4	462	3	456	9e-104	380.2
4	Q0B4I6-SF000210	44.98	458	246	2	4	461	3	454	1e-103	379.8
4	Q1M602-SF000210	43.60	461	249	3	3	462	1	451	4e-103	378.3
4	A0TNT7	44.76	458	247	2	4	461	3	454	5e-103	377.9
4	A0UEY1	44.44	459	248	3	4	461	3	455	6e-103	377.5
4	Q5ZYW7-SF000210	42.73	461	257	4	3	458	2	460	2e-102	375.9
4	Q0MDS4-SF000210	43.96	455	249	2	4	458	3	451	2e-102	375.6
4	Q5WZT3-SF000210	42.30	461	259	4	3	458	2	460	7e-102	374.0
4	Q4BBT8-SF000210	44.10	458	250	2	4	461	3	454	9e-102	373.6
4	Q12DD5-SF000210	42.42	462	260	2	1	462	1	456	9e-102	373.6
4	Q92V99-SF000210	43.08	455	253	2	4	458	19	467	1e-101	373.2
4	Q1LDA3-SF000210	44.22	450	244	3	4	452	3	446	2e-101	372.5
4	Q63P09-SF000210	43.57	459	252	3	4	461	3	455	6e-101	370.9
4	Q3JHZ4	43.57	459	252	3	4	461	134	586	6e-101	370.9
4	A1TAR3-SF000210	41.99	462	260	2	1	462	1	454	6e-101	370.9
4	Q0K0C7-SF000210	43.76	457	250	3	6	461	5	455	6e-101	370.9
4	Q5X8D9-SF000210	42.30	461	259	4	3	458	2	460	1e-100	370.2
4	Q2K0R0-SF000210	42.52	461	254	3	3	462	1	451	1e-100	369.8
4	A0U953	43.79	459	251	3	4	461	3	455	2e-100	369.4
4	A2R0R4	42.15	465	241	7	5	458	2	449	2e-100	369.0
4	Q1BLB0-SF000210	43.57	459	252	3	4	461	3	455	5e-100	367.9
4	A0AYB0-SF000210	43.57	459	252	3	4	461	3	455	5e-100	367.9
4	Q476B6-SF000210	43.54	457	251	3	6	461	5	455	1.4e-99	366.3
4	Q1U1C6-SF000210	43.11	457	252	3	6	462	8	456	3.2e-99	365.2
4	Q1B785-SF000210	43.11	457	252	3	6	462	8	456	3.2e-99	365.2
4	A1UHU0-SF000210	43.11	457	252	3	6	462	8	456	3.2e-99	365.2
4	Q1ITF5-SF000210	42.17	460	259	3	4	462	3	456	9.2e-99	363.6
4	Q8XQA6-SF000210	43.14	459	254	3	4	461	3	455	4.5e-98	361.3
4	Q392P2-SF000210	43.14	459	254	3	4	461	3	455	5.9e-98	360.9
4	Q272I8-SF000210	42.36	458	256	3	4	461	7	456	7.8e-98	360.5
4	A0QFA7	42.36	458	256	2	4	461	3	452	1.3e-97	359.8
4	A0FX71	40.78	461	270	2	4	461	3	463	1.3e-97	359.8
4	Q73YV9-SF000210	42.36	458	256	2	4	461	3	452	2.3e-97	359.0
4	Q8UJE0-SF000210	40.91	462	262	3	3	463	1	452	5.0e-97	357.8
4	A0GMB8	40.35	456	270	2	4	457	3	458	8.6e-97	357.1
4	Q98HP9-SF000210	41.90	463	260	4	1	462	1	455	3.3e-96	355.1
4	Q13WT1-SF000210	40.57	456	269	2	4	457	3	458	4.3e-96	354.8
4	A0FRY7	39.25	456	275	2	2	457	3	456	1.6e-95	352.8
4	Q0LSJ5-SF000210	41.30	460	263	3	4	462	3	456	8.0e-95	350.5
4	Q2IJZ8-SF000210	39.61	457	266	5	7	462	6	453	4.9e-92	341.3
4	A0B2P1-SF000210	38.96	462	269	5	3	462	4	454	1.4e-91	339.7
4	A0TZ35-SF000210	38.96	462	269	5	3	462	4	454	1.4e-91	339.7
4	Q0TRZ9-SF000210	41.09	460	261	7	3	458	1	454	5.4e-91	337.8
4	Q0SUA0-SF000210	40.87	460	262	7	3	458	1	454	2.0e-90	335.9
4	A1I333	38.38	456	271	3	7	461	4	450	1.3e-89	333.2
4	Q8P425-SF000210	40.84	453	261	4	1	452	1	447	6.6e-89	330.9
4	Q4UPK5-SF000210	40.84	453	261	4	1	452	1	447	6.6e-89	330.9
4	Q1BQM6-SF000210	39.46	441	254	5	24	462	3	432	2.8e-87	325.5
4	Q4BM51-SF000210	39.43	459	269	5	4	462	5	454	1.1e-86	323.6
4	A0J8I0	38.61	461	268	4	4	454	3	458	8.9e-86	320.5
4	A0UEK9	37.25	459	279	4	3	461	4	453	8.3e-84	313.9
4	Q184K0-SF000210	37.69	459	273	8	4	457	3	453	6.6e-81	304.3
4	Q5HRF1-SF000210	38.53	462	257	7	3	459	1	440	2.5e-80	302.4
4	Q8CQ61-SF000210	38.53	462	257	7	3	459	13	452	4.3e-80	301.6
4	Q1WSJ5-SF000210	35.51	459	274	6	3	457	1	441	7.3e-80	300.8
4	Q8Z8N2-SF000210	37.88	462	260	7	5	462	3	441	2.1e-79	299.3
4	Q8ZR56-SF000210	37.66	462	261	7	5	462	3	441	6.2e-79	297.7
4	Q5PCC9-SF000210	37.45	462	262	7	5	462	3	441	1.8e-78	296.2
4	Q3M7G9-SF000210	35.03	451	281	6	7	457	5	443	1.8e-78	296.2
4	Q3Z564-SF000210	37.61	460	260	7	3	458	10	446	2.3e-78	295.8
4	P77212-SF000210	37.39	460	261	7	3	458	1	437	4.0e-78	295.0
4	Q0TKX5-SF000210	37.61	460	260	7	3	458	1	437	4.0e-78	295.0
4	Q8X4N3-SF000210	37.39	460	261	7	3	458	10	446	5.2e-78	294.7
4	Q57S04-SF000210	37.66	462	261	7	5	462	3	441	5.2e-78	294.7
4	Q49US5-SF000210	38.18	461	257	9	3	458	1	438	8.9e-78	293.9
4	Q8FKJ9-SF000210	37.39	460	261	7	3	458	10	446	2.0e-77	292.7
4	Q1RFN6-SF000210	37.39	460	261	7	3	458	10	446	2.0e-77	292.7
4	A1A7Z0	37.39	460	261	7	3	458	10	446	2.6e-77	292.4
4	Q5LFG1-SF000210	38.18	461	274	7	3	458	1	455	3.4e-77	292.0
4	Q64W84-SF000210	37.96	461	275	7	3	458	1	455	9.9e-77	290.4
4	Q8A7I2-SF000210	35.36	461	287	7	3	458	1	455	1.9e-75	286.2
4	Q1U946-SF000210	36.78	454	266	7	9	458	7	443	2.4e-75	285.8
4	O69236-SF000350	34.79	457	292	2	6	462	85	535	7.1e-75	284.3
4	Q9F4C3-SF000350	34.57	457	293	3	6	462	85	535	6.0e-74	281.2
4	Q3Y2B1-SF000210	36.60	459	268	6	3	457	2	441	1.7e-73	279.6
4	Q2BTS5-SF000210	36.78	454	266	7	9	458	7	443	1.7e-73	279.6
4	Q5KVA5-SF000350	33.41	458	299	2	5	462	84	535	3.0e-73	278.9
4	Q9F4B6-SF000350	33.92	457	296	2	6	462	170	620	5.1e-73	278.1
4	Q8E7P3-SF000210	36.09	460	267	7	3	458	1	437	1.1e-72	276.9
4	Q3DIQ4-SF000210	36.09	460	267	7	3	458	1	437	1.1e-72	276.9
4	Q3DCY7-SF000210	36.09	460	267	7	3	458	1	437	1.1e-72	276.9
4	Q3K3R7-SF000210	36.09	460	267	7	3	458	1	437	1.9e-72	276.2
4	Q8E285-SF000210	36.09	460	267	7	3	458	1	437	1.9e-72	276.2
4	Q3D160-SF000210	36.09	460	267	7	3	458	1	437	1.9e-72	276.2
4	P0A0E4-SF000350	34.14	457	295	2	6	462	86	536	4.3e-72	275.0
4	P0A0E5-SF000350	34.14	457	295	2	6	462	86	536	4.3e-72	275.0
4	Q97PL8-SF000210	35.89	457	265	7	6	458	4	436	4.3e-72	275.0
4	Q8DP00-SF000210	35.89	457	265	7	6	458	4	436	4.3e-72	275.0
4	Q7DJ33-SF000350	34.14	457	295	2	6	462	86	536	4.3e-72	275.0
4	Q5YAC0-SF000350	34.14	457	295	2	6	462	86	536	4.3e-72	275.0
4	Q5YAB9-SF000350	34.14	457	295	2	6	462	86	536	4.3e-72	275.0
4	Q5Y9C8-SF000350	34.14	457	295	2	6	462	86	536	4.3e-72	275.0
4	Q04JG4	35.89	457	265	7	6	458	4	436	4.3e-72	275.0
4	A0A3G8	35.50	462	274	6	5	461	3	445	5.6e-72	274.6
4	Q6V4T6-SF000350	33.26	457	299	2	6	462	85	535	7.3e-72	274.2
4	Q70G38	33.70	457	297	3	6	462	72	522	9.6e-72	273.9
4	Q7NCV5-SF000210	35.09	456	285	6	7	462	5	449	1.2e-71	273.5
4	Q9S0Y8-SF000350	33.70	457	297	3	6	462	170	620	1.2e-71	273.5
4	Q70G40	33.70	457	297	3	6	462	72	522	1.2e-71	273.5
4	Q8DZ63-SF000350	32.60	457	302	2	6	462	85	535	1.6e-71	273.1
4	Q3D1N9-SF000350	32.60	457	302	2	6	462	85	535	1.6e-71	273.1
4	Q8DX35-SF000350	32.60	457	302	2	6	462	85	535	2.1e-71	272.7
4	Q3DLB2-SF000350	32.60	457	302	2	6	462	85	535	2.1e-71	272.7
4	Q3DS29-SF000350	32.60	457	302	2	6	462	85	535	2.1e-71	272.7
4	Q3DAI6-SF000350	32.60	457	302	2	6	462	85	535	2.1e-71	272.7
4	O86216-SF000350	33.70	457	297	3	6	462	170	620	2.1e-71	272.7
4	Q74I11-SF000210	35.82	455	268	7	9	458	7	442	2.8e-71	272.3
4	O69256-SF000350	34.14	457	295	3	6	462	170	620	3.6e-71	271.9
4	Q2HI16-SF000210	34.90	467	288	7	5	461	6	466	3.6e-71	271.9
4	Q6GJ74-SF000210	37.09	461	262	9	3	458	1	438	1.1e-70	270.4
4	Q04B54	35.24	454	271	6	9	458	13	447	1.1e-70	270.4
4	Q70G36	33.49	433	282	2	6	438	66	492	1.4e-70	270.0
4	Q70G35	33.49	433	282	2	6	438	66	492	1.4e-70	270.0
4	Q9L7K8-SF000210	32.89	450	299	3	6	454	8	455	1.8e-70	269.6
4	Q041G8	34.95	455	272	7	9	458	7	442	1.8e-70	269.6
4	P16171-SF000350	33.26	457	299	3	6	462	170	620	3.1e-70	268.9
4	Q2YS70-SF000210	37.09	461	262	9	3	458	1	438	3.1e-70	268.9
4	Q1GAR7-SF000210	34.80	454	273	6	9	458	13	447	4.0e-70	268.5
4	Q0LE14-SF000210	31.15	459	315	1	5	463	3	460	6.8e-70	267.7
4	Q7A753-SF000210	36.88	461	263	8	3	458	43	480	8.9e-70	267.3
4	Q99W18-SF000210	36.88	461	263	8	3	458	43	480	8.9e-70	267.3
4	Q1YAT4-SF000210	36.88	461	263	8	3	458	1	438	8.9e-70	267.3
4	Q1Y382-SF000210	36.88	461	263	8	3	458	1	438	8.9e-70	267.3
4	Q5FJR9-SF000210	34.33	469	268	7	1	458	1	440	1.2e-69	266.9
4	Q2FJ49-SF000210	36.88	461	263	9	3	458	1	438	4.4e-69	265.0
4	Q5HI82-SF000210	36.88	461	263	9	3	458	1	438	4.4e-69	265.0
4	Q8RF96-SF000210	34.65	456	291	6	6	457	5	457	5.8e-69	264.6
4	Q02VF1	34.87	456	269	7	9	458	9	442	5.8e-69	264.6
4	Q2VHK2-SF000210	34.87	456	269	7	9	458	9	442	5.8e-69	264.6
4	Q2G0I4-SF000210	36.88	461	263	9	3	458	1	438	7.6e-69	264.2
4	Q7P4B5-SF000210	35.09	456	289	6	6	457	5	457	1.3e-68	263.5
4	Q6GBP2-SF000210	36.72	463	261	10	3	458	1	438	1.7e-68	263.1
4	Q8NXV9-SF000210	36.72	463	261	10	3	458	1	438	1.7e-68	263.1
4	Q03GQ4	34.79	457	280	9	9	461	7	449	2.9e-68	262.3
4	A2RNK4	34.56	463	270	8	1	458	1	435	3.8e-68	261.9
4	Q1PWS8-SF000210	32.82	451	296	3	6	456	5	448	4.9e-68	261.5
4	Q5M5D4-SF000210	35.45	457	267	8	6	458	4	436	1.9e-67	259.6
4	Q5M0U8-SF000210	35.45	457	267	8	6	458	4	436	1.9e-67	259.6
4	Q03LQ8	35.45	457	267	8	6	458	4	436	1.9e-67	259.6
4	Q0ETB3-SF000210	33.18	449	284	8	6	454	3	435	9.3e-67	257.3
4	A0A3B7	33.26	460	284	7	3	458	1	441	1.6e-66	256.5
4	P30341-SF000210	32.22	450	302	3	6	454	8	455	2.7e-66	255.8
4	Q3CI36-SF000210	32.96	449	285	8	6	454	32	464	2.7e-66	255.8
4	Q2IIW3-SF000210	32.68	459	299	7	1	455	1	453	7.8e-66	254.2
4	Q8R9D9-SF000210	32.00	450	289	8	6	454	3	436	2.3e-65	252.7
4	Q1AV52-SF000350	32.48	431	286	1	6	436	86	511	3.9e-65	251.9
4	Q4A6P9-SF000210	35.02	474	274	12	3	457	1	459	5.1e-65	251.5
4	A1IE98	33.77	453	288	6	6	454	37	481	6.6e-65	251.1
4	Q0YIX7-SF000210	31.56	450	300	4	7	454	5	448	8.7e-65	250.8
4	Q8CU56-SF000210	31.21	455	307	6	2	454	35	485	1.1e-64	250.4
4	Q189R5-SF000210	31.85	449	294	8	9	454	4	443	1.1e-64	250.4
4	Q8KTE3-SF000210	33.77	462	298	7	6	462	3	461	1.1e-64	250.4
4	Q2DR56-SF000210	31.36	456	305	4	1	454	1	450	1.9e-64	249.6
4	Q6A6B6-SF000210	32.68	462	285	7	7	462	24	465	2.5e-64	249.2
4	A0W5G7	32.31	455	299	6	5	457	34	481	3.3e-64	248.8
4	A1SCJ0-SF000210	33.11	456	299	4	4	454	3	457	4.3e-64	248.4
4	Q59299-SF000212	33.11	456	300	5	9	463	119	570	9.6e-64	247.3
4	A1U8G5-SF000210	34.45	447	283	6	10	454	11	449	1.3e-63	246.9
4	A1TX79-SF000210	34.45	447	283	7	10	454	10	448	1.6e-63	246.5
4	Q3C9A1-SF000210	32.06	446	294	7	10	454	5	442	1.6e-63	246.5
4	A0M3D5	34.44	453	289	8	6	454	4	452	2.1e-63	246.1
4	A0YMM5	33.78	450	282	8	5	452	4	439	2.1e-63	246.1
4	A0LSQ3-SF000210	31.85	449	304	2	6	454	16	462	2.8e-63	245.7
4	Q3D5W2-SF000210	35.15	421	248	6	40	458	3	400	4.8e-63	245.0
4	Q02AK5-SF000210	32.53	455	302	5	6	458	3	454	4.8e-63	245.0
4	Q3DRH6-SF000210	35.15	421	248	6	40	458	3	400	4.8e-63	245.0
4	Q1FMM1-SF000210	31.57	453	301	6	6	454	5	452	8.1e-63	244.2
4	Q4FP33-SF000210	31.74	460	309	5	5	462	4	460	1.1e-62	243.8
4	Q26CC3-SF000210	33.85	452	293	6	6	454	4	452	1.1e-62	243.8
4	Q11PR7-SF000210	33.41	461	302	5	6	463	2	460	2.4e-62	242.7
4	Q21EH1	32.24	456	298	5	2	453	227	675	2.4e-62	242.7
4	Q4JU92-SF000210	32.78	424	279	3	5	423	4	426	3.1e-62	242.3
4	Q5KRV3-SF000210	33.02	424	278	3	5	423	4	426	3.1e-62	242.3
4	Q1YJ08-SF000210	33.77	453	286	6	6	454	52	494	3.1e-62	242.3
4	Q1YHA1-SF000210	31.84	446	296	4	7	452	8	445	4.0e-62	241.9
4	Q1V0Z0-SF000210	31.30	460	311	5	5	462	4	460	5.3e-62	241.5
4	A0LP67-SF000210	32.76	464	299	8	5	462	6	462	6.9e-62	241.1
4	Q10Z74-SF000210	33.41	455	277	8	5	452	4	439	9.0e-62	240.7
4	P11959-SF000210	31.54	447	299	6	7	452	11	451	1.2e-61	240.4
4	Q3J7I9-SF000210	34.45	447	283	6	10	454	11	449	2.0e-61	239.6
4	Q5L134-SF000210	31.10	447	301	6	7	452	11	451	2.6e-61	239.2
4	Q1EVV0-SF000210	30.70	456	311	5	7	461	4	455	3.4e-61	238.8
4	Q26LH8	33.92	451	288	6	6	454	306	748	3.4e-61	238.8
4	Q0FHG1-SF000210	32.32	461	299	6	6	462	20	471	3.4e-61	238.8
4	Q892P7-SF000212	29.81	463	317	5	1	462	126	581	4.4e-61	238.4
4	Q0FZE5-SF000210	33.12	465	302	8	1	459	4	465	4.4e-61	238.4
4	Q11LG9-SF000210	33.63	446	288	5	7	452	8	445	4.4e-61	238.4
4	Q1F5M4-SF000210	30.62	454	307	4	6	454	6	456	5.8e-61	238.0
4	A0NSF1	33.78	447	287	5	7	452	8	446	5.8e-61	238.0
4	Q5P1X0	37.24	333	206	3	129	461	31	360	7.6e-61	237.7
4	Q0W7Q8-SF000210	33.33	459	296	7	6	462	4	454	7.6e-61	237.7
4	A0AW65-SF000210	32.88	441	290	4	5	440	5	444	1.3e-60	236.9
4	A1I567	31.87	455	301	7	1	453	170	617	1.3e-60	236.9
4	Q2DK42-SF000210	30.77	455	307	4	5	457	34	482	1.3e-60	236.9
4	Q2CZS6-SF000210	31.10	447	301	5	6	452	3	442	1.3e-60	236.9
4	Q9PJI3-SF000210	31.49	451	294	7	6	452	5	444	1.7e-60	236.5
4	Q6KH64-SF000212	31.36	456	290	8	5	452	144	584	1.7e-60	236.5
4	Q1EZZ8-SF000212	31.06	454	309	4	7	459	110	560	1.7e-60	236.5
4	A0I7P7	29.74	454	311	4	6	454	6	456	1.7e-60	236.5
4	A0YJP7	33.11	456	291	7	4	452	37	485	2.9e-60	235.7
4	Q0G0T5-SF000210	33.26	448	286	8	7	452	9	445	2.9e-60	235.7
4	A0NUR3	33.19	455	295	8	5	454	3	453	3.8e-60	235.3
4	Q2B4Y4-SF000210	31.54	447	299	6	7	452	11	451	3.8e-60	235.3
4	Q381B3-SF000210	32.83	463	296	8	6	459	12	468	3.8e-60	235.3
4	P21880-SF000210	31.47	448	299	7	7	452	11	452	4.9e-60	235.0
4	Q3E2F7-SF000210	31.29	457	309	5	1	454	1	455	4.9e-60	235.0
4	Q35L66-SF000210	32.09	455	298	8	6	454	4	453	4.9e-60	235.0
4	Q8CXJ0-SF000210	30.29	449	306	6	5	452	9	451	6.4e-60	234.6
4	Q5N4Z8-SF000210	32.17	457	296	5	6	454	29	479	6.4e-60	234.6
4	Q31P71-SF000210	32.17	457	296	5	6	454	38	488	6.4e-60	234.6
4	Q2W058-SF000210	31.55	466	312	7	1	462	1	463	6.4e-60	234.6
4	Q0VMG7	31.14	456	308	4	2	453	232	685	6.4e-60	234.6
4	Q6SKF3-SF000210	31.75	441	294	4	6	440	8	447	6.4e-60	234.6
4	Q7P8T1-SF000210	31.60	462	305	7	3	462	1	453	6.4e-60	234.6
4	Q2BH10-SF000210	32.27	471	299	7	5	462	4	467	6.4e-60	234.6
4	A1RCZ8	31.75	441	294	4	6	440	8	447	6.4e-60	234.6
4	Q5QUA7-SF000210	32.66	447	291	6	10	454	10	448	8.4e-60	234.2
4	Q8DTC8-SF000210	30.91	453	297	7	5	457	3	439	8.4e-60	234.2
4	Q3SJ73-SF000350	32.74	446	292	4	10	454	84	522	8.4e-60	234.2
4	A1RMX8-SF000350	31.72	454	301	6	3	454	85	531	8.4e-60	234.2
4	Q2CXM2-SF000210	31.35	453	298	8	6	454	6	449	8.4e-60	234.2
4	Q2ZUR9-SF000350	31.72	454	301	6	3	454	85	531	8.4e-60	234.2
4	Q8UC66-SF000210	33.70	454	294	7	6	454	3	454	1.1e-59	233.8
4	Q65K41-SF000210	31.47	448	299	7	7	452	11	452	1.1e-59	233.8
4	Q2NDS9-SF000210	32.59	448	287	7	6	452	5	438	1.1e-59	233.8
4	Q1W0K6-SF000210	31.64	452	304	5	6	454	4	453	1.1e-59	233.8
4	Q2B5N0-SF000210	28.05	467	326	6	4	462	3	467	1.1e-59	233.8
4	Q2ASK4-SF000210	31.04	451	301	8	5	452	9	452	1.1e-59	233.8
4	Q1GPN4-SF000210	33.19	452	290	7	6	454	14	456	1.1e-59	233.8
4	A0WDM8	33.04	454	289	10	6	454	2	445	1.4e-59	233.4
4	A0H3M2	30.70	456	313	3	1	454	1	455	1.4e-59	233.4
4	Q2ZH10-SF000210	32.03	462	300	9	5	461	2	454	1.4e-59	233.4
4	A0JVU8	30.16	441	301	4	6	440	8	447	1.9e-59	233.0
4	Q3VVF3-SF000210	32.67	450	300	3	6	454	12	459	1.9e-59	233.0
4	Q1MAX0-SF000210	32.82	454	298	7	6	454	3	454	2.4e-59	232.6
4	Q4ULB5-SF000210	31.82	462	304	7	3	462	1	453	4.2e-59	231.9
4	Q92HS8-SF000210	31.39	462	306	7	3	462	1	453	4.2e-59	231.9
4	Q6MPR7-SF000210	29.91	458	309	10	3	454	1	452	5.4e-59	231.5
4	Q81MR4-SF000210	31.26	451	300	8	5	452	9	452	7.1e-59	231.1
4	Q819K6-SF000210	31.26	451	300	8	5	452	9	452	7.1e-59	231.1
4	Q7UVC8-SF000210	32.14	476	302	10	1	463	1	468	7.1e-59	231.1
4	Q6HEJ5-SF000210	31.26	451	300	8	5	452	9	452	7.1e-59	231.1
4	Q635V8-SF000210	30.82	451	302	8	5	452	9	452	7.1e-59	231.1
4	Q731Z7-SF000210	30.82	451	302	8	5	452	9	452	7.1e-59	231.1
4	A0RHY2	30.82	451	302	8	5	452	9	452	7.1e-59	231.1
4	Q3ESR1-SF000210	31.26	451	300	8	5	452	9	452	7.1e-59	231.1
4	Q4MTF7-SF000210	31.26	451	300	8	5	452	9	452	7.1e-59	231.1
4	Q2SN86	30.87	447	302	2	9	453	241	682	9.3e-59	230.7
4	Q4MKG9-SF000210	30.68	453	305	6	9	459	5	450	9.3e-59	230.7
4	Q2CFZ3-SF000210	32.03	459	300	6	6	462	12	460	9.3e-59	230.7
4	A0L395-SF000350	32.23	453	298	6	4	454	87	532	9.3e-59	230.7
4	Q59RQ6-SF000210	32.40	466	306	9	4	463	24	486	9.3e-59	230.7
4	Q92LK0-SF000210	32.16	454	301	7	6	454	3	454	1.2e-58	230.3
4	Q746U4-SF000210	29.87	452	309	4	5	454	4	449	1.2e-58	230.3
4	Q5X501	33.41	446	288	5	7	452	248	684	1.2e-58	230.3
4	Q2K3F8-SF000210	32.82	454	298	7	6	454	3	454	1.2e-58	230.3
4	Q4AL96-SF000210	30.13	448	310	3	6	451	5	451	1.2e-58	230.3
4	P18925-SF000210	31.53	463	300	6	4	455	3	459	1.6e-58	229.9
4	Q4IWY3-SF000210	31.53	463	300	6	4	455	3	459	1.6e-58	229.9
4	Q9F3U5-SF000350	31.61	446	301	4	10	454	87	529	1.6e-58	229.9
4	Q24PW4-SF000210	31.24	445	298	6	10	454	10	446	1.6e-58	229.9
4	Q0C1J6-SF000210	32.06	446	292	7	5	447	11	448	1.6e-58	229.9
4	A0REY5	30.68	453	305	6	9	459	5	450	2.1e-58	229.6
4	O84561-SF000210	31.19	452	294	8	6	452	5	444	2.7e-58	229.2
4	Q9CDZ8	36.46	373	225	5	88	458	10	372	2.7e-58	229.2
4	Q5WWI9	33.04	448	287	6	7	452	248	684	2.7e-58	229.2
4	Q3KLE0-SF000210	31.19	452	294	8	6	452	5	444	2.7e-58	229.2
4	Q1XSU0-SF000210	31.26	451	306	4	6	454	4	452	2.7e-58	229.2
4	A0M205	32.24	456	301	6	2	454	3	453	2.7e-58	229.2
4	Q26M46	32.37	451	295	7	6	454	306	748	3.5e-58	228.8
4	Q2D256-SF000210	28.95	449	312	4	6	454	3	444	3.5e-58	228.8
4	Q65HK7-SF000210	28.91	467	320	7	5	462	4	467	4.6e-58	228.4
4	Q5ZV78	33.64	428	275	5	7	434	248	666	4.6e-58	228.4
4	Q2RHM5-SF000210	31.86	452	296	5	6	454	3	445	4.6e-58	228.4
4	Q07XE8-SF000350	32.31	455	293	7	5	454	89	533	4.6e-58	228.4
4	Q1N6I8-SF000210	32.48	468	287	8	5	455	4	459	4.6e-58	228.4
4	Q9K986-SF000210	28.27	467	324	6	5	462	4	468	6.0e-58	228.0
4	A1TWY3	31.56	450	305	2	6	453	248	696	6.0e-58	228.0
4	Q24TD5-SF000210	30.31	452	309	6	3	454	1	446	6.0e-58	228.0
4	Q18ZH8-SF000210	30.31	452	309	6	3	454	1	446	6.0e-58	228.0
4	Q1QQS0-SF000210	31.72	454	301	8	6	454	17	466	6.0e-58	228.0
4	Q3DS36	32.65	392	258	3	71	462	4	389	6.0e-58	228.0
4	Q38KF2	30.72	433	294	2	30	462	1	427	6.0e-58	228.0
4	Q4A6C7-SF000212	30.87	460	294	9	6	454	158	604	7.9e-58	227.6
4	Q04GW6	30.29	449	308	4	7	454	15	459	7.9e-58	227.6
4	Q2E3W5-SF000210	30.16	451	305	8	5	452	9	452	7.9e-58	227.6
4	A0WIG8	30.53	475	304	8	5	463	4	468	7.9e-58	227.6
4	Q81PM9-SF000210	31.35	453	302	6	9	459	5	450	1.0e-57	227.3
4	Q2YLS7-SF000210	34.29	455	289	10	6	454	3	453	1.0e-57	227.3
4	Q8FYG2-SF000210	33.48	454	294	8	6	454	3	453	1.0e-57	227.3
4	Q63AH6-SF000210	30.91	453	304	6	9	459	5	450	1.0e-57	227.3
4	Q8YJE1-SF000210	33.26	454	295	8	6	454	3	453	1.0e-57	227.3
4	Q57AY0-SF000210	34.29	455	289	10	6	454	3	453	1.0e-57	227.3
4	A0NL94	30.51	449	307	4	7	454	15	459	1.0e-57	227.3
4	Q89X65-SF000210	31.43	455	300	9	6	454	4	452	1.3e-57	226.9
4	Q3SVJ9-SF000210	31.57	453	303	6	6	454	4	453	1.3e-57	226.9
