1-PIRSF001500,2.78,1,364,1.4E-213,718.5,1,391,[],1.4E-213,718.5
invalid line of text here!
