497	2	PIRSF006429	A0B5N6	3.6e-157	..	494	16	511.7	511.9	4.2e-157	24	495	497	2	0.88	0.2
497	1	PIRSF500061	A0B5N6	6e-200	..	496	5	652.6	652.8	6.7e-200	6	474	497	1	0.95	0.0
297	12	PIRSF038992	A0B649	8.1e-71	..	295	16	225.6	225.9	9.6e-71	6	267	297	12	0.93	0.0
265	1	PIRSF038992	A0B6J9	3e-94	..	262	2	302.6	302.7	3.3e-94	2	266	265	1	0.98	1.0
