#                                                                            --- full sequence --- -------------- this domain -------------   hmm coord   ali coord   env coord
# target name        accession   tlen query name           accession   qlen   E-value  score  bias   #  of  c-Evalue  i-Evalue  score  bias  from    to  from    to  from    to  acc description of target
#------------------- ---------- ----- -------------------- ---------- ----- --------- ------ ----- --- --- --------- --------- ------ ----- ----- ----- ----- ----- ----- ----- ---- ---------------------
3                    -            510 Ferric_Reductase_Domain SFLDS00052   548   1.7e-12   41.2   0.0   1   1   2.7e-14     1e-11   38.6   0.0   274   540   278   506   261   509 0.80 -
1                    -            214 DsbA-like_(B)        SFLDG00315   211     7e-63  206.8   0.0   1   1   2.4e-65   9.2e-63  206.4   0.0     1   209     1   197     1   199 0.98 -
2                    -            341 spore_photoproduct_lyase_like SFLDG01079   341  6.4e-177  582.0   4.6   1   1  1.9e-179  7.2e-177  581.8   4.6     1   341     1   341     1   341 1.00 -
2                    -            341 spore_photoproduct_lyase_1 SFLDF00292   342  9.4e-200  657.1   4.8   1   1  2.8e-202  1.1e-199  657.0   4.8     2   342     1   341     1   341 1.00 -
2                    -            341 spore_photoproduct_lyase_2 SFLDF00412   340  2.7e-127  419.0   2.8   1   1    8e-130    3e-127  418.8   2.8     2   339     4   340     3   341 0.98 -
#
# Program:         hmmsearch
# Version:         3.1b1 (May 2013)
# Pipeline mode:   SEARCH
# Query file:      data/sfld/201607.27/sfld.hmm
# Target file:     /home/matthew/Projects/github-i5/interproscan/core/jms-implementation/target/interproscan-5-dist/temp/matthew-OptiPlex-9020_20160816_104706018_j3pz//jobSFLD/000000000001_000000000003.fasta
# Option settings: bin/hmmer/hmmer3/3.1b1/hmmsearch -o /home/matthew/Projects/github-i5/interproscan/core/jms-implementation/target/interproscan-5-dist/temp/matthew-OptiPlex-9020_20160816_104706018_j3pz//jobSFLD/000000000001_000000000003.raw.out -A /home/matthew/Projects/github-i5/interproscan/core/jms-implementation/target/interproscan-5-dist/temp/matthew-OptiPlex-9020_20160816_104706018_j3pz//jobSFLD/000000000001_000000000003.raw.align.out --domtblout /home/matthew/Projects/github-i5/interproscan/core/jms-implementation/target/interproscan-5-dist/temp/matthew-OptiPlex-9020_20160816_104706018_j3pz//jobSFLD/000000000001_000000000003.raw.domtblout.out --acc --cut_ga -Z 378 --cpu 1 data/sfld/201607.27/sfld.hmm /home/matthew/Projects/github-i5/interproscan/core/jms-implementation/target/interproscan-5-dist/temp/matthew-OptiPlex-9020_20160816_104706018_j3pz//jobSFLD/000000000001_000000000003.fasta 
# Current dir:     /home/matthew/Projects/github-i5/interproscan/core/jms-implementation/target/interproscan-5-dist
# Date:            Tue Aug 16 10:47:21 2016
# [ok]
