Sequence: 1
Domains:
SFLDG00315	0.000e+00	2.068e+02	0.000	1	209	206.400	1	197	1	199	0.000e+00	0.000e+00	0.980	0.000	1
Sites:
SFLDG00315	C11,C14	SFLD_Res01
// 
Sequence: 2
Domains:
SFLDF00292	0.000e+00	6.571e+02	4.800	2	342	657.000	1	341	1	341	0.000e+00	0.000e+00	1.000	4.800	2
SFLDF00412	0.000e+00	4.190e+02	2.800	2	339	418.800	4	340	3	341	0.000e+00	0.000e+00	0.980	2.800	2
SFLDG01079	0.000e+00	5.820e+02	4.600	1	341	581.800	1	341	1	341	0.000e+00	0.000e+00	1.000	4.600	2
Sites:
SFLDF00292	C90,C94,C97,Y98,C140	SFLD_Res01
// 
// 
Sequence: 3
Domains:
SFLDS00052	1.700e-12	4.120e+01	0.000	274	540	38.600	278	506	261	509	2.700e-14	1.000e-11	0.800	0.000	3
