<?xml version="1.0"?>
<!DOCTYPE BlastOutput PUBLIC "-//NCBI//NCBI BlastOutput/EN" "http://www.ncbi.nlm.nih.gov/dtd/NCBI_BlastOutput.dtd">
<BlastOutput>
  <BlastOutput_program>rpsblast</BlastOutput_program>
  <BlastOutput_version>RPSBLAST 2.3.0+</BlastOutput_version>
  <BlastOutput_reference>Stephen F. Altschul, Thomas L. Madden, Alejandro A. Sch&amp;auml;ffer, Jinghui Zhang, Zheng Zhang, Webb Miller, and David J. Lipman (1997), &quot;Gapped BLAST and PSI-BLAST: a new generation of protein database search programs&quot;, Nucleic Acids Res. 25:3389-3402.</BlastOutput_reference>
  <BlastOutput_db>data/cdd/3.14/db/Cdd_NCBI</BlastOutput_db>
  <BlastOutput_query-ID>Query_1</BlastOutput_query-ID>
  <BlastOutput_query-def>1</BlastOutput_query-def>
  <BlastOutput_query-len>493</BlastOutput_query-len>
  <BlastOutput_param>
    <Parameters>
      <Parameters_matrix>BLOSUM62</Parameters_matrix>
      <Parameters_expect>0.01</Parameters_expect>
      <Parameters_gap-open>11</Parameters_gap-open>
      <Parameters_gap-extend>1</Parameters_gap-extend>
      <Parameters_filter>F</Parameters_filter>
    </Parameters>
  </BlastOutput_param>
<BlastOutput_iterations>
<Iteration>
  <Iteration_iter-num>1</Iteration_iter-num>
  <Iteration_query-ID>Query_1</Iteration_query-ID>
  <Iteration_query-def>1</Iteration_query-def>
  <Iteration_query-len>493</Iteration_query-len>
<Iteration_hits>
<Hit>
  <Hit_num>1</Hit_num>
  <Hit_id>gnl|CDD|238030</Hit_id>
  <Hit_def>cd00075, HATPase_c, Histidine kinase-like ATPases; This family includes several ATP-binding proteins for example: histidine kinase, DNA gyrase B, topoisomerases, heat shock protein HSP90, phytochrome-like ATPases and DNA mismatch repair proteins.</Hit_def>
  <Hit_accession>238030</Hit_accession>
  <Hit_len>103</Hit_len>
  <Hit_hsps>
    <Hsp>
      <Hsp_num>1</Hsp_num>
      <Hsp_bit-score>83.0798</Hsp_bit-score>
      <Hsp_score>206</Hsp_score>
      <Hsp_evalue>1.17862e-19</Hsp_evalue>
      <Hsp_query-from>365</Hsp_query-from>
      <Hsp_query-to>485</Hsp_query-to>
      <Hsp_hit-from>3</Hsp_hit-from>
      <Hsp_hit-to>103</Hsp_hit-to>
      <Hsp_query-frame>0</Hsp_query-frame>
      <Hsp_hit-frame>0</Hsp_hit-frame>
      <Hsp_identity>44</Hsp_identity>
      <Hsp_positive>61</Hsp_positive>
      <Hsp_gaps>20</Hsp_gaps>
      <Hsp_align-len>121</Hsp_align-len>
      <Hsp_qseq>RLVDNLIANAIIHTEKEKYICMGAISSQYELPNWVQGDDREKINNFRKDHTVIIVKNQGDEISKENIKRIIEPFYKGDNSRNKRGGTGLGLSIVKLIIEKHGGEINILSSKKRGTLIVCVL</Hsp_qseq>
      <Hsp_hseq>QVLLNLLSNAIKHTPEGG----GRI--------TISVERD-------GDHLEIRVEDNGPGIPEEDLERIFERFSDGSRSR-KGGGTGLGLSIVKKLVELHGGRIEVESEPGGGTTFTITL</Hsp_hseq>
      <Hsp_midline>+++ NL++NAI HT +      G I         +  +          DH  I V++ G  I +E+++RI E F  G  SR K GGTGLGLSIVK ++E HGG I + S    GT     L</Hsp_midline>
    </Hsp>
  </Hit_hsps>
</Hit>
<Hit>
  <Hit_num>2</Hit_num>
  <Hit_id>gnl|CDD|119399</Hit_id>
  <Hit_def>cd00082, HisKA, Histidine Kinase A (dimerization/phosphoacceptor) domain; Histidine Kinase A dimers are formed through parallel association of 2 domains creating 4-helix bundles; usually these domains contain a conserved His residue and are activated via trans-autophosphorylation by the catalytic domain of the histidine kinase. They subsequently transfer the phosphoryl group to the Asp acceptor residue of a response regulator protein. Two-component signalling systems, consisting of a histidine protein kinase that senses a signal input and a response regulator that mediates the output, are ancient and evolutionarily conserved signaling mechanisms in prokaryotes and eukaryotes.</Hit_def>
  <Hit_accession>119399</Hit_accession>
  <Hit_len>65</Hit_len>
  <Hit_hsps>
    <Hsp>
      <Hsp_num>1</Hsp_num>
      <Hsp_bit-score>59.9188</Hsp_bit-score>
      <Hsp_score>146</Hsp_score>
      <Hsp_evalue>7.82584e-12</Hsp_evalue>
      <Hsp_query-from>249</Hsp_query-from>
      <Hsp_query-to>309</Hsp_query-to>
      <Hsp_hit-from>1</Hsp_hit-from>
      <Hsp_hit-to>64</Hsp_hit-to>
      <Hsp_query-frame>0</Hsp_query-frame>
      <Hsp_hit-frame>0</Hsp_hit-frame>
      <Hsp_identity>19</Hsp_identity>
      <Hsp_positive>39</Hsp_positive>
      <Hsp_gaps>3</Hsp_gaps>
      <Hsp_align-len>64</Hsp_align-len>
      <Hsp_qseq>QKSKEYMIAAISHDLKTPLTSIRAYAELM---NVEGEKNNKYVKGILNKCDYMTNMLQDLLMYT</Hsp_qseq>
      <Hsp_hseq>LQAKGEFLANVSHELRTPLTAIRGALELLEEELLDDEEQREYLERIREEAERLLRLINDLLDLS</Hsp_hseq>
      <Hsp_midline> ++K   +A +SH+L+TPLT+IR   EL+    ++ E+  +Y++ I  + + +  ++ DLL  +</Hsp_midline>
    </Hsp>
  </Hit_hsps>
</Hit>
<Hit>
  <Hit_num>3</Hit_num>
  <Hit_id>gnl|CDD|100122</Hit_id>
  <Hit_def>cd06225, HAMP, Histidine kinase, Adenylyl cyclase, Methyl-accepting protein, and Phosphatase (HAMP) domain. HAMP is a signaling domain which occurs in a wide variety of signaling proteins, many of which are bacterial. The HAMP domain consists of two alpha helices connected by an extended linker. The structure of the HAMP dimer from Archaeoglobus fulgidus has been solved using nuclear magnetic resonance, revealing a parallel four-helix bundle; this structure has been confirmed by cross-linking analysis of HAMP domains from the Escherichia coli aerotaxis receptor Aer. It has been suggested that the four-helix arrangement can rotate between the unusually packed conformation observed in the NMR structure and a canonical coiled-coil arrangement. Such rotation may coincide with signal transduction, but a common mechanism by which HAMP domains relay a variety of input signals has yet to be established.</Hit_def>
  <Hit_accession>100122</Hit_accession>
  <Hit_len>48</Hit_len>
  <Hit_hsps>
    <Hsp>
      <Hsp_num>1</Hsp_num>
      <Hsp_bit-score>37.9998</Hsp_bit-score>
      <Hsp_score>89</Hsp_score>
      <Hsp_evalue>0.000231544</Hsp_evalue>
      <Hsp_query-from>197</Hsp_query-from>
      <Hsp_query-to>240</Hsp_query-to>
      <Hsp_hit-from>4</Hsp_hit-from>
      <Hsp_hit-to>48</Hsp_hit-to>
      <Hsp_query-frame>0</Hsp_query-frame>
      <Hsp_hit-frame>0</Hsp_hit-frame>
      <Hsp_identity>14</Hsp_identity>
      <Hsp_positive>22</Hsp_positive>
      <Hsp_gaps>1</Hsp_gaps>
      <Hsp_align-len>45</Hsp_align-len>
      <Hsp_qseq>PIQMLIKAMKAFPLGEESS-IDYKATDEIGELINHFNYMKDEIIE</Hsp_qseq>
      <Hsp_hseq>PLRRLAEAAQRIAAGDLDVRLPVTGRDEIGELARAFNQMAERLRE</Hsp_hseq>
      <Hsp_midline>P++ L +A +    G+    +     DEIGEL   FN M + + E</Hsp_midline>
    </Hsp>
  </Hit_hsps>
</Hit>
</Iteration_hits>
  <Iteration_stat>
    <Statistics>
      <Statistics_db-num>11273</Statistics_db-num>
      <Statistics_db-len>2170761</Statistics_db-len>
      <Statistics_hsp-len>89</Statistics_hsp-len>
      <Statistics_eff-space>471655456</Statistics_eff-space>
      <Statistics_kappa>0.076044192</Statistics_kappa>
      <Statistics_lambda>0.267</Statistics_lambda>
      <Statistics_entropy>0.14</Statistics_entropy>
    </Statistics>
  </Iteration_stat>
</Iteration>
</BlastOutput_iterations>
</BlastOutput>
