6	PTHR11063:SF6	GLUTAMATE 5-KINASE	1.4e-130	444.6	2-363
6	PTHR11063	GLUTAMATE SEMIALDEHYDE DEHYDROGENASE	1.4e-130	444.6	2-363
3	PTHR19441:SF24	ANTILEUKOPROTEINASE	8.5e-66	229.4	3-128
3	PTHR19441	WHEY ACDIC PROTEIN (WAP)	8.5e-66	229.4	3-128
2	PTHR13389	UNCHARACTERIZED	0	1049.9	2-647
5	PTHR10438:SF126	THIOREDOXIN	1.3e-44	159.1	4-114
5	PTHR10438	THIOREDOXIN	1.3e-44	159.1	4-114
