UPI000196C69F	6fd447c2692a1a0fdc15733e2551c5d4	294	PIRSF	PIRSF006625	null	1	294	1.6E-172	T	14-06-2011
UPI000196C772	32ce36f8f4a41756630dce22c47693bb	106	PIRSF	PIRSF000699	null	1	106	2.0E-28	T	14-06-2011
UPI000196C814	d0886fe78492ea28a810c118de1af1bd	188	PIRSF	PIRSF004553	null	1	184	1.1E-51	T	14-06-2011
UPI000196C612	bc13fe170a9e4fccbdd9efbc9a3cfcc7	287	PIRSF	PIRSF006625	null	1	287	4.4E-178	T	14-06-2011
UPI000196C7C0	29a9fa8bf990682e7d5e2e7590197e79	140	PIRSF	PIRSF033736	null	1	140	9.3E-56	T	14-06-2011
UPI000196C681	65fbb0bd257c1611e274a59dca16f2fd	453	PIRSF	PIRSF005522	null	1	453	1.3E-155	T	14-06-2011
UPI000196C77E	3979c246446cd62a4da2ecf86aa41e4a	395	PIRSF	PIRSF005962	null	1	394	1.7E-109	T	14-06-2011
UPI000196C63B	99638db295f0b07ec1939c33ca08f602	530	PIRSF	PIRSF014677	null	4	524	3.0E-30	T	14-06-2011
UPI000196C5C2	757d3381c38fdb12c2bc20713bc0a1e	60	PIRSF	PIRSF002211	null	1	60	1.2E-29	T	14-06-2011
UPI000196C7A1	9ca68f560e06858a38fb71fc29193af0	94	PIRSF	PIRSF011576	null	1	94	1.1E-11	T	14-06-2011
UPI000196C871	dcaf5fff15f7ffbfa03dbf252dfd28ca	336	PIRSF	PIRSF001555	null	1	336	1.5E-235	T	14-06-2011
UPI000196C773	c794debf85e9e8de713846df65be101f	347	PIRSF	PIRSF001123	null	1	343	2.9E-106	T	14-06-2011
UPI000196C6F3	55263a0c8344a2dc0f47cb948b830cb5	285	PIRSF	PIRSF005052	null	1	285	2.3E-124	T	14-06-2011
UPI000196C7D3	3ddc8253e2bf04f0f4de82e4aa8384f8	428	PIRSF	PIRSF006054	null	2	428	4.2E-172	T	14-06-2011
UPI000196C5D0	ac2d60c7005eabbaca93201cd801850f	376	PIRSF	PIRSF000390	null	1	376	5.3E-116	T	14-06-2011
UPI000196C5C4	5b589ce7eca233f0c9d4eb4029ecdd40	437	PIRSF	PIRSF004557	null	1	435	2.3E-118	T	14-06-2011
UPI000196C753	59000c24dac74878c2fecda2d9d5c402	214	PIRSF	PIRSF031644	null	1	210	2.3E-104	T	14-06-2011
UPI000196C88C	74b686801d69df84b5f8042c103ab929	364	PIRSF	PIRSF000112	null	1	358	1.9E-97	T	14-06-2011
UPI000196C5BF	e248a1016c2c0f662001f7b4ba00a1d4	173	PIRSF	PIRSF002162	null	1	171	4.6E-39	T	14-06-2011
UPI000196C6D7	4dfe572e88caca05ed0b932115b99429	183	PIRSF	PIRSF006135	null	4	178	1.2E-29	T	14-06-2011
UPI000196C85B	992a4f94e9d57b88fa5e033862e6e516	449	PIRSF	PIRSF028846	null	1	441	1.3E-226	T	14-06-2011
UPI000196C7E2	b92cafa00701231d531e6fd2e2f08cd3	270	PIRSF	PIRSF002937	null	5	270	1.0E-142	T	14-06-2011
UPI000196C658	5b3700c32939266821bd843b83df835	753	PIRSF	PIRSF000379	null	2	753	NaN	T	14-06-2011
UPI000196C5F2	f2c15cf524e8292d6cdd960ecc3dae17	685	PIRSF	PIRSF001084	null	1	683	3.5E-139	T	14-06-2011
UPI000196C7C1	b63fe3d121bf5e9c9be40a9e5cf935ca	282	PIRSF	PIRSF000097	null	1	267	6.6E-75	T	14-06-2011
